{"op_code":0,"worker_id":"f221cb29-50b3-4c07-8056-c5d106e395bc-8443243584","study_name":"study","directions":[2]}
{"op_code":4,"worker_id":"f221cb29-50b3-4c07-8056-c5d106e395bc-8443243584","study_id":0,"datetime_start":"2026-08-07T09:29:01.636246"}
{"op_code":5,"worker_id":"f221cb29-50b3-4c07-8056-c5d106e395bc-8443243584","trial_id":0,"param_name":"solver","param_value_internal":0,"distribution":"{\"name\": \"CategoricalDistribution\", \"attributes\": {\"choices\": [\"UPSolver\"]}}"}
{"op_code":5,"worker_id":"f221cb29-50b3-4c07-8056-c5d106e395bc-8443243584","trial_id":0,"param_name":"UPSolver.name","param_value_internal":5,"distribution":"{\"name\": \"CategoricalDistribution\", \"attributes\": {\"choices\": [\"fast-downward\", \"fast-downward-opt\", \"pyperplan\", \"pyperplan-opt\", \"enhsp\", \"enhsp-opt\", \"enhsp-any\"]}}"}
{"op_code":8,"worker_id":"f221cb29-50b3-4c07-8056-c5d106e395bc-8443243584","trial_id":0,"user_attr":{"Error":"<class 'AttributeError'>: 'NoneType' object has no attribute 'actions'"}}
{"op_code":6,"worker_id":"f221cb29-50b3-4c07-8056-c5d106e395bc-8443243584","trial_id":0,"state":2,"values":null,"datetime_complete":"2026-08-07T09:29:01.713316"}
{"op_code":4,"worker_id":"f221cb29-50b3-4c07-8056-c5d106e395bc-8443243584","study_id":0,"datetime_start":"2026-08-07T09:29:01.713884"}
{"op_code":5,"worker_id":"f221cb29-50b3-4c07-8056-c5d106e395bc-8443243584","trial_id":1,"param_name":"solver","param_value_internal":0,"distribution":"{\"name\": \"CategoricalDistribution\", \"attributes\": {\"choices\": [\"UPSolver\"]}}"}
{"op_code":5,"worker_id":"f221cb29-50b3-4c07-8056-c5d106e395bc-8443243584","trial_id":1,"param_name":"UPSolver.name","param_value_internal":6,"distribution":"{\"name\": \"CategoricalDistribution\", \"attributes\": {\"choices\": [\"fast-downward\", \"fast-downward-opt\", \"pyperplan\", \"pyperplan-opt\", \"enhsp\", \"enhsp-opt\", \"enhsp-any\"]}}"}
{"op_code":8,"worker_id":"f221cb29-50b3-4c07-8056-c5d106e395bc-8443243584","trial_id":1,"user_attr":{"Error":"<class 'AttributeError'>: 'NoneType' object has no attribute 'actions'"}}
{"op_code":6,"worker_id":"f221cb29-50b3-4c07-8056-c5d106e395bc-8443243584","trial_id":1,"state":2,"values":null,"datetime_complete":"2026-08-07T09:29:01.787320"}
{"op_code":4,"worker_id":"f221cb29-50b3-4c07-8056-c5d106e395bc-8443243584","study_id":0,"datetime_start":"2026-08-07T09:29:01.788112"}
{"op_code":5,"worker_id":"f221cb29-50b3-4c07-8056-c5d106e395bc-8443243584","trial_id":2,"param_name":"solver","param_value_internal":0,"distribution":"{\"name\": \"CategoricalDistribution\", \"attributes\": {\"choices\": [\"UPSolver\"]}}"}
{"op_code":5,"worker_id":"f221cb29-50b3-4c07-8056-c5d106e395bc-8443243584","trial_id":2,"param_name":"UPSolver.name","param_value_internal":2,"distribution":"{\"name\": \"CategoricalDistribution\", \"attributes\": {\"choices\": [\"fast-downward\", \"fast-downward-opt\", \"pyperplan\", \"pyperplan-opt\", \"enhsp\", \"enhsp-opt\", \"enhsp-any\"]}}"}
{"op_code":6,"worker_id":"f221cb29-50b3-4c07-8056-c5d106e395bc-8443243584","trial_id":2,"state":1,"values":[30.0],"datetime_complete":"2026-08-07T09:29:01.839908"}
{"op_code":4,"worker_id":"f221cb29-50b3-4c07-8056-c5d106e395bc-8443243584","study_id":0,"datetime_start":"2026-08-07T09:29:01.840618"}
{"op_code":5,"worker_id":"f221cb29-50b3-4c07-8056-c5d106e395bc-8443243584","trial_id":3,"param_name":"solver","param_value_internal":0,"distribution":"{\"name\": \"CategoricalDistribution\", \"attributes\": {\"choices\": [\"UPSolver\"]}}"}
{"op_code":5,"worker_id":"f221cb29-50b3-4c07-8056-c5d106e395bc-8443243584","trial_id":3,"param_name":"UPSolver.name","param_value_internal":1,"distribution":"{\"name\": \"CategoricalDistribution\", \"attributes\": {\"choices\": [\"fast-downward\", \"fast-downward-opt\", \"pyperplan\", \"pyperplan-opt\", \"enhsp\", \"enhsp-opt\", \"enhsp-any\"]}}"}
{"op_code":6,"worker_id":"f221cb29-50b3-4c07-8056-c5d106e395bc-8443243584","trial_id":3,"state":1,"values":[30.0],"datetime_complete":"2026-08-07T09:29:02.017717"}
{"op_code":4,"worker_id":"f221cb29-50b3-4c07-8056-c5d106e395bc-8443243584","study_id":0,"datetime_start":"2026-08-07T09:29:02.018455"}
{"op_code":5,"worker_id":"f221cb29-50b3-4c07-8056-c5d106e395bc-8443243584","trial_id":4,"param_name":"solver","param_value_internal":0,"distribution":"{\"name\": \"CategoricalDistribution\", \"attributes\": {\"choices\": [\"UPSolver\"]}}"}
{"op_code":5,"worker_id":"f221cb29-50b3-4c07-8056-c5d106e395bc-8443243584","trial_id":4,"param_name":"UPSolver.name","param_value_internal":0,"distribution":"{\"name\": \"CategoricalDistribution\", \"attributes\": {\"choices\": [\"fast-downward\", \"fast-downward-opt\", \"pyperplan\", \"pyperplan-opt\", \"enhsp\", \"enhsp-opt\", \"enhsp-any\"]}}"}
{"op_code":6,"worker_id":"f221cb29-50b3-4c07-8056-c5d106e395bc-8443243584","trial_id":4,"state":1,"values":[30.0],"datetime_complete":"2026-08-07T09:29:02.208955"}
{"op_code":4,"worker_id":"f221cb29-50b3-4c07-8056-c5d106e395bc-8443243584","study_id":0,"datetime_start":"2026-08-07T09:29:02.209701"}
{"op_code":5,"worker_id":"f221cb29-50b3-4c07-8056-c5d106e395bc-8443243584","trial_id":5,"param_name":"solver","param_value_internal":0,"distribution":"{\"name\": \"CategoricalDistribution\", \"attributes\": {\"choices\": [\"UPSolver\"]}}"}
{"op_code":5,"worker_id":"f221cb29-50b3-4c07-8056-c5d106e395bc-8443243584","trial_id":5,"param_name":"UPSolver.name","param_value_internal":4,"distribution":"{\"name\": \"CategoricalDistribution\", \"attributes\": {\"choices\": [\"fast-downward\", \"fast-downward-opt\", \"pyperplan\", \"pyperplan-opt\", \"enhsp\", \"enhsp-opt\", \"enhsp-any\"]}}"}
{"op_code":8,"worker_id":"f221cb29-50b3-4c07-8056-c5d106e395bc-8443243584","trial_id":5,"user_attr":{"Error":"<class 'AttributeError'>: 'NoneType' object has no attribute 'actions'"}}
{"op_code":6,"worker_id":"f221cb29-50b3-4c07-8056-c5d106e395bc-8443243584","trial_id":5,"state":2,"values":null,"datetime_complete":"2026-08-07T09:29:02.282941"}
{"op_code":4,"worker_id":"f221cb29-50b3-4c07-8056-c5d106e395bc-8443243584","study_id":0,"datetime_start":"2026-08-07T09:29:02.283496"}
{"op_code":5,"worker_id":"f221cb29-50b3-4c07-8056-c5d106e395bc-8443243584","trial_id":6,"param_name":"solver","param_value_internal":0,"distribution":"{\"name\": \"CategoricalDistribution\", \"attributes\": {\"choices\": [\"UPSolver\"]}}"}
{"op_code":5,"worker_id":"f221cb29-50b3-4c07-8056-c5d106e395bc-8443243584","trial_id":6,"param_name":"UPSolver.name","param_value_internal":3,"distribution":"{\"name\": \"CategoricalDistribution\", \"attributes\": {\"choices\": [\"fast-downward\", \"fast-downward-opt\", \"pyperplan\", \"pyperplan-opt\", \"enhsp\", \"enhsp-opt\", \"enhsp-any\"]}}"}
{"op_code":6,"worker_id":"f221cb29-50b3-4c07-8056-c5d106e395bc-8443243584","trial_id":6,"state":1,"values":[30.0],"datetime_complete":"2026-08-07T09:29:02.335086"}
{"op_code":0,"worker_id":"778df66c-83d7-4d02-b8da-a178fc0cc9de-8443243584","study_name":"maze-rayrllib-0-500","directions":[2]}
{"op_code":4,"worker_id":"778df66c-83d7-4d02-b8da-a178fc0cc9de-8443243584","study_id":1,"datetime_start":"2026-08-07T10:05:51.207595"}
{"op_code":5,"worker_id":"778df66c-83d7-4d02-b8da-a178fc0cc9de-8443243584","trial_id":7,"param_name":"solver","param_value_internal":0,"distribution":"{\"name\": \"CategoricalDistribution\", \"attributes\": {\"choices\": [\"FakeRayRLlib\"]}}"}
{"op_code":5,"worker_id":"778df66c-83d7-4d02-b8da-a178fc0cc9de-8443243584","trial_id":7,"param_name":"FakeRayRLlib.train_iterations","param_value_internal":2.0,"distribution":"{\"name\": \"IntDistribution\", \"attributes\": {\"log\": false, \"step\": 1, \"low\": 1, \"high\": 3}}"}
{"op_code":5,"worker_id":"778df66c-83d7-4d02-b8da-a178fc0cc9de-8443243584","trial_id":7,"param_name":"FakeRayRLlib.algo_class","param_value_internal":0,"distribution":"{\"name\": \"CategoricalDistribution\", \"attributes\": {\"choices\": [\"PPO\", \"DQN\", \"SAC\"]}}"}
{"op_code":5,"worker_id":"778df66c-83d7-4d02-b8da-a178fc0cc9de-8443243584","trial_id":7,"param_name":"FakeRayRLlib.gamma_complement_log","param_value_internal":-3.0,"distribution":"{\"name\": \"FloatDistribution\", \"attributes\": {\"step\": 1.0, \"low\": -3.0, \"high\": -1.0, \"log\": false}}"}
{"op_code":5,"worker_id":"778df66c-83d7-4d02-b8da-a178fc0cc9de-8443243584","trial_id":7,"param_name":"FakeRayRLlib.lr_log","param_value_internal":-5.0,"distribution":"{\"name\": \"FloatDistribution\", \"attributes\": {\"step\": 1.0, \"low\": -5.0, \"high\": -1.0, \"log\": false}}"}
{"op_code":5,"worker_id":"778df66c-83d7-4d02-b8da-a178fc0cc9de-8443243584","trial_id":7,"param_name":"FakeRayRLlib.sgd_minibatch_size_log2","param_value_internal":4.0,"distribution":"{\"name\": \"IntDistribution\", \"attributes\": {\"log\": false, \"step\": 1, \"low\": 4, \"high\": 8}}"}
{"op_code":5,"worker_id":"778df66c-83d7-4d02-b8da-a178fc0cc9de-8443243584","trial_id":7,"param_name":"FakeRayRLlib.entropy_coeff_log","param_value_internal":-1.0,"distribution":"{\"name\": \"FloatDistribution\", \"attributes\": {\"step\": 1.0, \"low\": -3.0, \"high\": -1.0, \"log\": false}}"}
{"op_code":6,"worker_id":"778df66c-83d7-4d02-b8da-a178fc0cc9de-8443243584","trial_id":7,"state":1,"values":[0.0],"datetime_complete":"2026-08-07T10:05:51.239804"}
{"op_code":4,"worker_id":"778df66c-83d7-4d02-b8da-a178fc0cc9de-8443243584","study_id":1,"datetime_start":"2026-08-07T10:05:51.240546"}
{"op_code":5,"worker_id":"778df66c-83d7-4d02-b8da-a178fc0cc9de-8443243584","trial_id":8,"param_name":"solver","param_value_internal":0,"distribution":"{\"name\": \"CategoricalDistribution\", \"attributes\": {\"choices\": [\"FakeRayRLlib\"]}}"}
{"op_code":5,"worker_id":"778df66c-83d7-4d02-b8da-a178fc0cc9de-8443243584","trial_id":8,"param_name":"FakeRayRLlib.train_iterations","param_value_internal":2.0,"distribution":"{\"name\": \"IntDistribution\", \"attributes\": {\"log\": false, \"step\": 1, \"low\": 1, \"high\": 3}}"}
{"op_code":5,"worker_id":"778df66c-83d7-4d02-b8da-a178fc0cc9de-8443243584","trial_id":8,"param_name":"FakeRayRLlib.algo_class","param_value_internal":2,"distribution":"{\"name\": \"CategoricalDistribution\", \"attributes\": {\"choices\": [\"PPO\", \"DQN\", \"SAC\"]}}"}
{"op_code":5,"worker_id":"778df66c-83d7-4d02-b8da-a178fc0cc9de-8443243584","trial_id":8,"param_name":"FakeRayRLlib.gamma_complement_log","param_value_internal":-1.0,"distribution":"{\"name\": \"FloatDistribution\", \"attributes\": {\"step\": 1.0, \"low\": -3.0, \"high\": -1.0, \"log\": false}}"}
{"op_code":5,"worker_id":"778df66c-83d7-4d02-b8da-a178fc0cc9de-8443243584","trial_id":8,"param_name":"FakeRayRLlib.lr_log","param_value_internal":-4.0,"distribution":"{\"name\": \"FloatDistribution\", \"attributes\": {\"step\": 1.0, \"low\": -5.0, \"high\": -1.0, \"log\": false}}"}
{"op_code":5,"worker_id":"778df66c-83d7-4d02-b8da-a178fc0cc9de-8443243584","trial_id":8,"param_name":"FakeRayRLlib.train_batch_size_log2","param_value_internal":4.0,"distribution":"{\"name\": \"IntDistribution\", \"attributes\": {\"log\": false, \"step\": 1, \"low\": 4, \"high\": 8}}"}
{"op_code":6,"worker_id":"778df66c-83d7-4d02-b8da-a178fc0cc9de-8443243584","trial_id":8,"state":1,"values":[0.0],"datetime_complete":"2026-08-07T10:05:51.264847"}
{"op_code":4,"worker_id":"778df66c-83d7-4d02-b8da-a178fc0cc9de-8443243584","study_id":1,"datetime_start":"2026-08-07T10:05:51.265527"}
{"op_code":5,"worker_id":"778df66c-83d7-4d02-b8da-a178fc0cc9de-8443243584","trial_id":9,"param_name":"solver","param_value_internal":0,"distribution":"{\"name\": \"CategoricalDistribution\", \"attributes\": {\"choices\": [\"FakeRayRLlib\"]}}"}
{"op_code":5,"worker_id":"778df66c-83d7-4d02-b8da-a178fc0cc9de-8443243584","trial_id":9,"param_name":"FakeRayRLlib.train_iterations","param_value_internal":1.0,"distribution":"{\"name\": \"IntDistribution\", \"attributes\": {\"log\": false, \"step\": 1, \"low\": 1, \"high\": 3}}"}
{"op_code":5,"worker_id":"778df66c-83d7-4d02-b8da-a178fc0cc9de-8443243584","trial_id":9,"param_name":"FakeRayRLlib.algo_class","param_value_internal":1,"distribution":"{\"name\": \"CategoricalDistribution\", \"attributes\": {\"choices\": [\"PPO\", \"DQN\", \"SAC\"]}}"}
{"op_code":5,"worker_id":"778df66c-83d7-4d02-b8da-a178fc0cc9de-8443243584","trial_id":9,"param_name":"FakeRayRLlib.gamma_complement_log","param_value_internal":-3.0,"distribution":"{\"name\": \"FloatDistribution\", \"attributes\": {\"step\": 1.0, \"low\": -3.0, \"high\": -1.0, \"log\": false}}"}
{"op_code":5,"worker_id":"778df66c-83d7-4d02-b8da-a178fc0cc9de-8443243584","trial_id":9,"param_name":"FakeRayRLlib.lr_log","param_value_internal":-2.0,"distribution":"{\"name\": \"FloatDistribution\", \"attributes\": {\"step\": 1.0, \"low\": -5.0, \"high\": -1.0, \"log\": false}}"}
{"op_code":5,"worker_id":"778df66c-83d7-4d02-b8da-a178fc0cc9de-8443243584","trial_id":9,"param_name":"FakeRayRLlib.train_batch_size_log2","param_value_internal":4.0,"distribution":"{\"name\": \"IntDistribution\", \"attributes\": {\"log\": false, \"step\": 1, \"low\": 4, \"high\": 8}}"}
{"op_code":6,"worker_id":"778df66c-83d7-4d02-b8da-a178fc0cc9de-8443243584","trial_id":9,"state":1,"values":[0.0],"datetime_complete":"2026-08-07T10:05:51.288948"}
{"op_code":4,"worker_id":"778df66c-83d7-4d02-b8da-a178fc0cc9de-8443243584","study_id":1,"datetime_start":"2026-08-07T10:05:51.289661"}
{"op_code":5,"worker_id":"778df66c-83d7-4d02-b8da-a178fc0cc9de-8443243584","trial_id":10,"param_name":"solver","param_value_internal":0,"distribution":"{\"name\": \"CategoricalDistribution\", \"attributes\": {\"choices\": [\"FakeRayRLlib\"]}}"}
{"op_code":5,"worker_id":"778df66c-83d7-4d02-b8da-a178fc0cc9de-8443243584","trial_id":10,"param_name":"FakeRayRLlib.train_iterations","param_value_internal":1.0,"distribution":"{\"name\": \"IntDistribution\", \"attributes\": {\"log\": false, \"step\": 1, \"low\": 1, \"high\": 3}}"}
{"op_code":5,"worker_id":"778df66c-83d7-4d02-b8da-a178fc0cc9de-8443243584","trial_id":10,"param_name":"FakeRayRLlib.algo_class","param_value_internal":2,"distribution":"{\"name\": \"CategoricalDistribution\", \"attributes\": {\"choices\": [\"PPO\", \"DQN\", \"SAC\"]}}"}
{"op_code":5,"worker_id":"778df66c-83d7-4d02-b8da-a178fc0cc9de-8443243584","trial_id":10,"param_name":"FakeRayRLlib.gamma_complement_log","param_value_internal":-3.0,"distribution":"{\"name\": \"FloatDistribution\", \"attributes\": {\"step\": 1.0, \"low\": -3.0, \"high\": -1.0, \"log\": false}}"}
{"op_code":5,"worker_id":"778df66c-83d7-4d02-b8da-a178fc0cc9de-8443243584","trial_id":10,"param_name":"FakeRayRLlib.lr_log","param_value_internal":-3.0,"distribution":"{\"name\": \"FloatDistribution\", \"attributes\": {\"step\": 1.0, \"low\": -5.0, \"high\": -1.0, \"log\": false}}"}
{"op_code":5,"worker_id":"778df66c-83d7-4d02-b8da-a178fc0cc9de-8443243584","trial_id":10,"param_name":"FakeRayRLlib.train_batch_size_log2","param_value_internal":6.0,"distribution":"{\"name\": \"IntDistribution\", \"attributes\": {\"log\": false, \"step\": 1, \"low\": 4, \"high\": 8}}"}
{"op_code":6,"worker_id":"778df66c-83d7-4d02-b8da-a178fc0cc9de-8443243584","trial_id":10,"state":1,"values":[0.0],"datetime_complete":"2026-08-07T10:05:51.320465"}
{"op_code":4,"worker_id":"778df66c-83d7-4d02-b8da-a178fc0cc9de-8443243584","study_id":1,"datetime_start":"2026-08-07T10:05:51.321246"}
{"op_code":5,"worker_id":"778df66c-83d7-4d02-b8da-a178fc0cc9de-8443243584","trial_id":11,"param_name":"solver","param_value_internal":0,"distribution":"{\"name\": \"CategoricalDistribution\", \"attributes\": {\"choices\": [\"FakeRayRLlib\"]}}"}
{"op_code":5,"worker_id":"778df66c-83d7-4d02-b8da-a178fc0cc9de-8443243584","trial_id":11,"param_name":"FakeRayRLlib.train_iterations","param_value_internal":1.0,"distribution":"{\"name\": \"IntDistribution\", \"attributes\": {\"log\": false, \"step\": 1, \"low\": 1, \"high\": 3}}"}
{"op_code":5,"worker_id":"778df66c-83d7-4d02-b8da-a178fc0cc9de-8443243584","trial_id":11,"param_name":"FakeRayRLlib.algo_class","param_value_internal":0,"distribution":"{\"name\": \"CategoricalDistribution\", \"attributes\": {\"choices\": [\"PPO\", \"DQN\", \"SAC\"]}}"}
{"op_code":5,"worker_id":"778df66c-83d7-4d02-b8da-a178fc0cc9de-8443243584","trial_id":11,"param_name":"FakeRayRLlib.gamma_complement_log","param_value_internal":-1.0,"distribution":"{\"name\": \"FloatDistribution\", \"attributes\": {\"step\": 1.0, \"low\": -3.0, \"high\": -1.0, \"log\": false}}"}
{"op_code":5,"worker_id":"778df66c-83d7-4d02-b8da-a178fc0cc9de-8443243584","trial_id":11,"param_name":"FakeRayRLlib.lr_log","param_value_internal":-1.0,"distribution":"{\"name\": \"FloatDistribution\", \"attributes\": {\"step\": 1.0, \"low\": -5.0, \"high\": -1.0, \"log\": false}}"}
{"op_code":5,"worker_id":"778df66c-83d7-4d02-b8da-a178fc0cc9de-8443243584","trial_id":11,"param_name":"FakeRayRLlib.sgd_minibatch_size_log2","param_value_internal":8.0,"distribution":"{\"name\": \"IntDistribution\", \"attributes\": {\"log\": false, \"step\": 1, \"low\": 4, \"high\": 8}}"}
{"op_code":5,"worker_id":"778df66c-83d7-4d02-b8da-a178fc0cc9de-8443243584","trial_id":11,"param_name":"FakeRayRLlib.entropy_coeff_log","param_value_internal":-3.0,"distribution":"{\"name\": \"FloatDistribution\", \"attributes\": {\"step\": 1.0, \"low\": -3.0, \"high\": -1.0, \"log\": false}}"}
{"op_code":6,"worker_id":"778df66c-83d7-4d02-b8da-a178fc0cc9de-8443243584","trial_id":11,"state":1,"values":[0.0],"datetime_complete":"2026-08-07T10:05:51.350142"}
{"op_code":1,"worker_id":"9ad5cc7f-6f1c-4122-b8f7-1f8628c85cc2-8443243584","study_id":0}
{"op_code":0,"worker_id":"9ad5cc7f-6f1c-4122-b8f7-1f8628c85cc2-8443243584","study_name":"study","directions":[2]}
{"op_code":4,"worker_id":"9ad5cc7f-6f1c-4122-b8f7-1f8628c85cc2-8443243584","study_id":2,"datetime_start":"2026-08-07T10:08:18.654785"}
{"op_code":5,"worker_id":"9ad5cc7f-6f1c-4122-b8f7-1f8628c85cc2-8443243584","trial_id":12,"param_name":"solver","param_value_internal":0,"distribution":"{\"name\": \"CategoricalDistribution\", \"attributes\": {\"choices\": [\"UPSolver\"]}}"}
{"op_code":5,"worker_id":"9ad5cc7f-6f1c-4122-b8f7-1f8628c85cc2-8443243584","trial_id":12,"param_name":"UPSolver.name","param_value_internal":0,"distribution":"{\"name\": \"CategoricalDistribution\", \"attributes\": {\"choices\": [\"fast-downward\", \"fast-downward-opt\", \"pyperplan\", \"pyperplan-opt\", \"enhsp\", \"enhsp-opt\", \"enhsp-any\"]}}"}
{"op_code":6,"worker_id":"9ad5cc7f-6f1c-4122-b8f7-1f8628c85cc2-8443243584","trial_id":12,"state":1,"values":[30.0],"datetime_complete":"2026-08-07T10:08:18.860931"}
{"op_code":4,"worker_id":"9ad5cc7f-6f1c-4122-b8f7-1f8628c85cc2-8443243584","study_id":2,"datetime_start":"2026-08-07T10:08:18.861939"}
{"op_code":5,"worker_id":"9ad5cc7f-6f1c-4122-b8f7-1f8628c85cc2-8443243584","trial_id":13,"param_name":"solver","param_value_internal":0,"distribution":"{\"name\": \"CategoricalDistribution\", \"attributes\": {\"choices\": [\"UPSolver\"]}}"}
{"op_code":5,"worker_id":"9ad5cc7f-6f1c-4122-b8f7-1f8628c85cc2-8443243584","trial_id":13,"param_name":"UPSolver.name","param_value_internal":4,"distribution":"{\"name\": \"CategoricalDistribution\", \"attributes\": {\"choices\": [\"fast-downward\", \"fast-downward-opt\", \"pyperplan\", \"pyperplan-opt\", \"enhsp\", \"enhsp-opt\", \"enhsp-any\"]}}"}
{"op_code":8,"worker_id":"9ad5cc7f-6f1c-4122-b8f7-1f8628c85cc2-8443243584","trial_id":13,"user_attr":{"Error":"<class 'AttributeError'>: 'NoneType' object has no attribute 'actions'"}}
{"op_code":6,"worker_id":"9ad5cc7f-6f1c-4122-b8f7-1f8628c85cc2-8443243584","trial_id":13,"state":2,"values":null,"datetime_complete":"2026-08-07T10:08:18.935578"}
{"op_code":4,"worker_id":"9ad5cc7f-6f1c-4122-b8f7-1f8628c85cc2-8443243584","study_id":2,"datetime_start":"2026-08-07T10:08:18.936307"}
{"op_code":5,"worker_id":"9ad5cc7f-6f1c-4122-b8f7-1f8628c85cc2-8443243584","trial_id":14,"param_name":"solver","param_value_internal":0,"distribution":"{\"name\": \"CategoricalDistribution\", \"attributes\": {\"choices\": [\"UPSolver\"]}}"}
{"op_code":5,"worker_id":"9ad5cc7f-6f1c-4122-b8f7-1f8628c85cc2-8443243584","trial_id":14,"param_name":"UPSolver.name","param_value_internal":6,"distribution":"{\"name\": \"CategoricalDistribution\", \"attributes\": {\"choices\": [\"fast-downward\", \"fast-downward-opt\", \"pyperplan\", \"pyperplan-opt\", \"enhsp\", \"enhsp-opt\", \"enhsp-any\"]}}"}
{"op_code":8,"worker_id":"9ad5cc7f-6f1c-4122-b8f7-1f8628c85cc2-8443243584","trial_id":14,"user_attr":{"Error":"<class 'AttributeError'>: 'NoneType' object has no attribute 'actions'"}}
{"op_code":6,"worker_id":"9ad5cc7f-6f1c-4122-b8f7-1f8628c85cc2-8443243584","trial_id":14,"state":2,"values":null,"datetime_complete":"2026-08-07T10:08:19.007894"}
{"op_code":4,"worker_id":"9ad5cc7f-6f1c-4122-b8f7-1f8628c85cc2-8443243584","study_id":2,"datetime_start":"2026-08-07T10:08:19.008663"}
{"op_code":5,"worker_id":"9ad5cc7f-6f1c-4122-b8f7-1f8628c85cc2-8443243584","trial_id":15,"param_name":"solver","param_value_internal":0,"distribution":"{\"name\": \"CategoricalDistribution\", \"attributes\": {\"choices\": [\"UPSolver\"]}}"}
{"op_code":5,"worker_id":"9ad5cc7f-6f1c-4122-b8f7-1f8628c85cc2-8443243584","trial_id":15,"param_name":"UPSolver.name","param_value_internal":2,"distribution":"{\"name\": \"CategoricalDistribution\", \"attributes\": {\"choices\": [\"fast-downward\", \"fast-downward-opt\", \"pyperplan\", \"pyperplan-opt\", \"enhsp\", \"enhsp-opt\", \"enhsp-any\"]}}"}
{"op_code":6,"worker_id":"9ad5cc7f-6f1c-4122-b8f7-1f8628c85cc2-8443243584","trial_id":15,"state":1,"values":[30.0],"datetime_complete":"2026-08-07T10:08:19.055166"}
{"op_code":4,"worker_id":"9ad5cc7f-6f1c-4122-b8f7-1f8628c85cc2-8443243584","study_id":2,"datetime_start":"2026-08-07T10:08:19.055982"}
{"op_code":5,"worker_id":"9ad5cc7f-6f1c-4122-b8f7-1f8628c85cc2-8443243584","trial_id":16,"param_name":"solver","param_value_internal":0,"distribution":"{\"name\": \"CategoricalDistribution\", \"attributes\": {\"choices\": [\"UPSolver\"]}}"}
{"op_code":5,"worker_id":"9ad5cc7f-6f1c-4122-b8f7-1f8628c85cc2-8443243584","trial_id":16,"param_name":"UPSolver.name","param_value_internal":5,"distribution":"{\"name\": \"CategoricalDistribution\", \"attributes\": {\"choices\": [\"fast-downward\", \"fast-downward-opt\", \"pyperplan\", \"pyperplan-opt\", \"enhsp\", \"enhsp-opt\", \"enhsp-any\"]}}"}
{"op_code":8,"worker_id":"9ad5cc7f-6f1c-4122-b8f7-1f8628c85cc2-8443243584","trial_id":16,"user_attr":{"Error":"<class 'AttributeError'>: 'NoneType' object has no attribute 'actions'"}}
{"op_code":6,"worker_id":"9ad5cc7f-6f1c-4122-b8f7-1f8628c85cc2-8443243584","trial_id":16,"state":2,"values":null,"datetime_complete":"2026-08-07T10:08:19.120131"}
{"op_code":4,"worker_id":"9ad5cc7f-6f1c-4122-b8f7-1f8628c85cc2-8443243584","study_id":2,"datetime_start":"2026-08-07T10:08:19.121006"}
{"op_code":5,"worker_id":"9ad5cc7f-6f1c-4122-b8f7-1f8628c85cc2-8443243584","trial_id":17,"param_name":"solver","param_value_internal":0,"distribution":"{\"name\": \"CategoricalDistribution\", \"attributes\": {\"choices\": [\"UPSolver\"]}}"}
{"op_code":5,"worker_id":"9ad5cc7f-6f1c-4122-b8f7-1f8628c85cc2-8443243584","trial_id":17,"param_name":"UPSolver.name","param_value_internal":1,"distribution":"{\"name\": \"CategoricalDistribution\", \"attributes\": {\"choices\": [\"fast-downward\", \"fast-downward-opt\", \"pyperplan\", \"pyperplan-opt\", \"enhsp\", \"enhsp-opt\", \"enhsp-any\"]}}"}
{"op_code":6,"worker_id":"9ad5cc7f-6f1c-4122-b8f7-1f8628c85cc2-8443243584","trial_id":17,"state":1,"values":[30.0],"datetime_complete":"2026-08-07T10:08:19.320770"}
{"op_code":4,"worker_id":"9ad5cc7f-6f1c-4122-b8f7-1f8628c85cc2-8443243584","study_id":2,"datetime_start":"2026-08-07T10:08:19.321702"}
{"op_code":5,"worker_id":"9ad5cc7f-6f1c-4122-b8f7-1f8628c85cc2-8443243584","trial_id":18,"param_name":"solver","param_value_internal":0,"distribution":"{\"name\": \"CategoricalDistribution\", \"attributes\": {\"choices\": [\"UPSolver\"]}}"}
{"op_code":5,"worker_id":"9ad5cc7f-6f1c-4122-b8f7-1f8628c85cc2-8443243584","trial_id":18,"param_name":"UPSolver.name","param_value_internal":3,"distribution":"{\"name\": \"CategoricalDistribution\", \"attributes\": {\"choices\": [\"fast-downward\", \"fast-downward-opt\", \"pyperplan\", \"pyperplan-opt\", \"enhsp\", \"enhsp-opt\", \"enhsp-any\"]}}"}
{"op_code":6,"worker_id":"9ad5cc7f-6f1c-4122-b8f7-1f8628c85cc2-8443243584","trial_id":18,"state":1,"values":[30.0],"datetime_complete":"2026-08-07T10:08:19.369200"}
{"op_code":1,"worker_id":"8d319f4b-85c2-472c-81ec-2f7bff1c139a-8443243584","study_id":2}
{"op_code":0,"worker_id":"8d319f4b-85c2-472c-81ec-2f7bff1c139a-8443243584","study_name":"study","directions":[2]}
{"op_code":4,"worker_id":"8d319f4b-85c2-472c-81ec-2f7bff1c139a-8443243584","study_id":3,"datetime_start":"2026-08-07T10:15:38.248001"}
{"op_code":5,"worker_id":"8d319f4b-85c2-472c-81ec-2f7bff1c139a-8443243584","trial_id":19,"param_name":"solver","param_value_internal":0,"distribution":"{\"name\": \"CategoricalDistribution\", \"attributes\": {\"choices\": [\"UPSolver\"]}}"}
{"op_code":5,"worker_id":"8d319f4b-85c2-472c-81ec-2f7bff1c139a-8443243584","trial_id":19,"param_name":"UPSolver.name","param_value_internal":0,"distribution":"{\"name\": \"CategoricalDistribution\", \"attributes\": {\"choices\": [\"fast-downward\", \"fast-downward-opt\", \"pyperplan\", \"pyperplan-opt\", \"enhsp\", \"enhsp-opt\", \"enhsp-any\"]}}"}
{"op_code":6,"worker_id":"8d319f4b-85c2-472c-81ec-2f7bff1c139a-8443243584","trial_id":19,"state":1,"values":[30.0],"datetime_complete":"2026-08-07T10:15:38.432712"}
{"op_code":4,"worker_id":"8d319f4b-85c2-472c-81ec-2f7bff1c139a-8443243584","study_id":3,"datetime_start":"2026-08-07T10:15:38.433500"}
{"op_code":5,"worker_id":"8d319f4b-85c2-472c-81ec-2f7bff1c139a-8443243584","trial_id":20,"param_name":"solver","param_value_internal":0,"distribution":"{\"name\": \"CategoricalDistribution\", \"attributes\": {\"choices\": [\"UPSolver\"]}}"}
{"op_code":5,"worker_id":"8d319f4b-85c2-472c-81ec-2f7bff1c139a-8443243584","trial_id":20,"param_name":"UPSolver.name","param_value_internal":1,"distribution":"{\"name\": \"CategoricalDistribution\", \"attributes\": {\"choices\": [\"fast-downward\", \"fast-downward-opt\", \"pyperplan\", \"pyperplan-opt\", \"enhsp\", \"enhsp-opt\", \"enhsp-any\"]}}"}
{"op_code":6,"worker_id":"8d319f4b-85c2-472c-81ec-2f7bff1c139a-8443243584","trial_id":20,"state":1,"values":[30.0],"datetime_complete":"2026-08-07T10:15:38.611925"}
{"op_code":4,"worker_id":"8d319f4b-85c2-472c-81ec-2f7bff1c139a-8443243584","study_id":3,"datetime_start":"2026-08-07T10:15:38.612712"}
{"op_code":5,"worker_id":"8d319f4b-85c2-472c-81ec-2f7bff1c139a-8443243584","trial_id":21,"param_name":"solver","param_value_internal":0,"distribution":"{\"name\": \"CategoricalDistribution\", \"attributes\": {\"choices\": [\"UPSolver\"]}}"}
{"op_code":5,"worker_id":"8d319f4b-85c2-472c-81ec-2f7bff1c139a-8443243584","trial_id":21,"param_name":"UPSolver.name","param_value_internal":4,"distribution":"{\"name\": \"CategoricalDistribution\", \"attributes\": {\"choices\": [\"fast-downward\", \"fast-downward-opt\", \"pyperplan\", \"pyperplan-opt\", \"enhsp\", \"enhsp-opt\", \"enhsp-any\"]}}"}
{"op_code":8,"worker_id":"8d319f4b-85c2-472c-81ec-2f7bff1c139a-8443243584","trial_id":21,"user_attr":{"Error":"<class 'AttributeError'>: 'NoneType' object has no attribute 'actions'"}}
{"op_code":6,"worker_id":"8d319f4b-85c2-472c-81ec-2f7bff1c139a-8443243584","trial_id":21,"state":2,"values":null,"datetime_complete":"2026-08-07T10:15:38.675540"}
{"op_code":4,"worker_id":"8d319f4b-85c2-472c-81ec-2f7bff1c139a-8443243584","study_id":3,"datetime_start":"2026-08-07T10:15:38.676128"}
{"op_code":5,"worker_id":"8d319f4b-85c2-472c-81ec-2f7bff1c139a-8443243584","trial_id":22,"param_name":"solver","param_value_internal":0,"distribution":"{\"name\": \"CategoricalDistribution\", \"attributes\": {\"choices\": [\"UPSolver\"]}}"}
{"op_code":5,"worker_id":"8d319f4b-85c2-472c-81ec-2f7bff1c139a-8443243584","trial_id":22,"param_name":"UPSolver.name","param_value_internal":3,"distribution":"{\"name\": \"CategoricalDistribution\", \"attributes\": {\"choices\": [\"fast-downward\", \"fast-downward-opt\", \"pyperplan\", \"pyperplan-opt\", \"enhsp\", \"enhsp-opt\", \"enhsp-any\"]}}"}
{"op_code":6,"worker_id":"8d319f4b-85c2-472c-81ec-2f7bff1c139a-8443243584","trial_id":22,"state":1,"values":[30.0],"datetime_complete":"2026-08-07T10:15:38.722295"}
{"op_code":4,"worker_id":"8d319f4b-85c2-472c-81ec-2f7bff1c139a-8443243584","study_id":3,"datetime_start":"2026-08-07T10:15:38.722934"}
{"op_code":5,"worker_id":"8d319f4b-85c2-472c-81ec-2f7bff1c139a-8443243584","trial_id":23,"param_name":"solver","param_value_internal":0,"distribution":"{\"name\": \"CategoricalDistribution\", \"attributes\": {\"choices\": [\"UPSolver\"]}}"}
{"op_code":5,"worker_id":"8d319f4b-85c2-472c-81ec-2f7bff1c139a-8443243584","trial_id":23,"param_name":"UPSolver.name","param_value_internal":2,"distribution":"{\"name\": \"CategoricalDistribution\", \"attributes\": {\"choices\": [\"fast-downward\", \"fast-downward-opt\", \"pyperplan\", \"pyperplan-opt\", \"enhsp\", \"enhsp-opt\", \"enhsp-any\"]}}"}
{"op_code":6,"worker_id":"8d319f4b-85c2-472c-81ec-2f7bff1c139a-8443243584","trial_id":23,"state":1,"values":[30.0],"datetime_complete":"2026-08-07T10:15:38.758823"}
{"op_code":4,"worker_id":"8d319f4b-85c2-472c-81ec-2f7bff1c139a-8443243584","study_id":3,"datetime_start":"2026-08-07T10:15:38.759476"}
{"op_code":5,"worker_id":"8d319f4b-85c2-472c-81ec-2f7bff1c139a-8443243584","trial_id":24,"param_name":"solver","param_value_internal":0,"distribution":"{\"name\": \"CategoricalDistribution\", \"attributes\": {\"choices\": [\"UPSolver\"]}}"}
{"op_code":5,"worker_id":"8d319f4b-85c2-472c-81ec-2f7bff1c139a-8443243584","trial_id":24,"param_name":"UPSolver.name","param_value_internal":5,"distribution":"{\"name\": \"CategoricalDistribution\", \"attributes\": {\"choices\": [\"fast-downward\", \"fast-downward-opt\", \"pyperplan\", \"pyperplan-opt\", \"enhsp\", \"enhsp-opt\", \"enhsp-any\"]}}"}
{"op_code":8,"worker_id":"8d319f4b-85c2-472c-81ec-2f7bff1c139a-8443243584","trial_id":24,"user_attr":{"Error":"<class 'AttributeError'>: 'NoneType' object has no attribute 'actions'"}}
{"op_code":6,"worker_id":"8d319f4b-85c2-472c-81ec-2f7bff1c139a-8443243584","trial_id":24,"state":2,"values":null,"datetime_complete":"2026-08-07T10:15:38.815370"}
{"op_code":4,"worker_id":"8d319f4b-85c2-472c-81ec-2f7bff1c139a-8443243584","study_id":3,"datetime_start":"2026-08-07T10:15:38.815995"}
{"op_code":5,"worker_id":"8d319f4b-85c2-472c-81ec-2f7bff1c139a-8443243584","trial_id":25,"param_name":"solver","param_value_internal":0,"distribution":"{\"name\": \"CategoricalDistribution\", \"attributes\": {\"choices\": [\"UPSolver\"]}}"}
{"op_code":5,"worker_id":"8d319f4b-85c2-472c-81ec-2f7bff1c139a-8443243584","trial_id":25,"param_name":"UPSolver.name","param_value_internal":6,"distribution":"{\"name\": \"CategoricalDistribution\", \"attributes\": {\"choices\": [\"fast-downward\", \"fast-downward-opt\", \"pyperplan\", \"pyperplan-opt\", \"enhsp\", \"enhsp-opt\", \"enhsp-any\"]}}"}
{"op_code":8,"worker_id":"8d319f4b-85c2-472c-81ec-2f7bff1c139a-8443243584","trial_id":25,"user_attr":{"Error":"<class 'AttributeError'>: 'NoneType' object has no attribute 'actions'"}}
{"op_code":6,"worker_id":"8d319f4b-85c2-472c-81ec-2f7bff1c139a-8443243584","trial_id":25,"state":2,"values":null,"datetime_complete":"2026-08-07T10:15:38.880989"}
{"op_code":1,"worker_id":"0bacfe67-58b0-4fce-b189-24c703821f7a-8443243584","study_id":3}
{"op_code":0,"worker_id":"0bacfe67-58b0-4fce-b189-24c703821f7a-8443243584","study_name":"study","directions":[2]}
{"op_code":4,"worker_id":"0bacfe67-58b0-4fce-b189-24c703821f7a-8443243584","study_id":4,"datetime_start":"2026-08-07T10:29:35.507933"}
{"op_code":5,"worker_id":"0bacfe67-58b0-4fce-b189-24c703821f7a-8443243584","trial_id":26,"param_name":"solver","param_value_internal":0,"distribution":"{\"name\": \"CategoricalDistribution\", \"attributes\": {\"choices\": [\"UPSolver\"]}}"}
{"op_code":5,"worker_id":"0bacfe67-58b0-4fce-b189-24c703821f7a-8443243584","trial_id":26,"param_name":"UPSolver.name","param_value_internal":0,"distribution":"{\"name\": \"CategoricalDistribution\", \"attributes\": {\"choices\": [\"fast-downward\", \"fast-downward-opt\", \"pyperplan\", \"pyperplan-opt\", \"enhsp\", \"enhsp-opt\", \"enhsp-any\"]}}"}
{"op_code":6,"worker_id":"0bacfe67-58b0-4fce-b189-24c703821f7a-8443243584","trial_id":26,"state":1,"values":[30.0],"datetime_complete":"2026-08-07T10:29:35.751412"}
{"op_code":4,"worker_id":"0bacfe67-58b0-4fce-b189-24c703821f7a-8443243584","study_id":4,"datetime_start":"2026-08-07T10:29:35.752615"}
{"op_code":5,"worker_id":"0bacfe67-58b0-4fce-b189-24c703821f7a-8443243584","trial_id":27,"param_name":"solver","param_value_internal":0,"distribution":"{\"name\": \"CategoricalDistribution\", \"attributes\": {\"choices\": [\"UPSolver\"]}}"}
{"op_code":5,"worker_id":"0bacfe67-58b0-4fce-b189-24c703821f7a-8443243584","trial_id":27,"param_name":"UPSolver.name","param_value_internal":2,"distribution":"{\"name\": \"CategoricalDistribution\", \"attributes\": {\"choices\": [\"fast-downward\", \"fast-downward-opt\", \"pyperplan\", \"pyperplan-opt\", \"enhsp\", \"enhsp-opt\", \"enhsp-any\"]}}"}
{"op_code":6,"worker_id":"0bacfe67-58b0-4fce-b189-24c703821f7a-8443243584","trial_id":27,"state":1,"values":[30.0],"datetime_complete":"2026-08-07T10:29:35.823048"}
{"op_code":4,"worker_id":"0bacfe67-58b0-4fce-b189-24c703821f7a-8443243584","study_id":4,"datetime_start":"2026-08-07T10:29:35.823881"}
{"op_code":5,"worker_id":"0bacfe67-58b0-4fce-b189-24c703821f7a-8443243584","trial_id":28,"param_name":"solver","param_value_internal":0,"distribution":"{\"name\": \"CategoricalDistribution\", \"attributes\": {\"choices\": [\"UPSolver\"]}}"}
{"op_code":5,"worker_id":"0bacfe67-58b0-4fce-b189-24c703821f7a-8443243584","trial_id":28,"param_name":"UPSolver.name","param_value_internal":5,"distribution":"{\"name\": \"CategoricalDistribution\", \"attributes\": {\"choices\": [\"fast-downward\", \"fast-downward-opt\", \"pyperplan\", \"pyperplan-opt\", \"enhsp\", \"enhsp-opt\", \"enhsp-any\"]}}"}
{"op_code":8,"worker_id":"0bacfe67-58b0-4fce-b189-24c703821f7a-8443243584","trial_id":28,"user_attr":{"Error":"<class 'AttributeError'>: 'NoneType' object has no attribute 'actions'"}}
{"op_code":6,"worker_id":"0bacfe67-58b0-4fce-b189-24c703821f7a-8443243584","trial_id":28,"state":2,"values":null,"datetime_complete":"2026-08-07T10:29:35.906583"}
{"op_code":4,"worker_id":"0bacfe67-58b0-4fce-b189-24c703821f7a-8443243584","study_id":4,"datetime_start":"2026-08-07T10:29:35.907367"}
{"op_code":5,"worker_id":"0bacfe67-58b0-4fce-b189-24c703821f7a-8443243584","trial_id":29,"param_name":"solver","param_value_internal":0,"distribution":"{\"name\": \"CategoricalDistribution\", \"attributes\": {\"choices\": [\"UPSolver\"]}}"}
{"op_code":5,"worker_id":"0bacfe67-58b0-4fce-b189-24c703821f7a-8443243584","trial_id":29,"param_name":"UPSolver.name","param_value_internal":6,"distribution":"{\"name\": \"CategoricalDistribution\", \"attributes\": {\"choices\": [\"fast-downward\", \"fast-downward-opt\", \"pyperplan\", \"pyperplan-opt\", \"enhsp\", \"enhsp-opt\", \"enhsp-any\"]}}"}
{"op_code":8,"worker_id":"0bacfe67-58b0-4fce-b189-24c703821f7a-8443243584","trial_id":29,"user_attr":{"Error":"<class 'AttributeError'>: 'NoneType' object has no attribute 'actions'"}}
{"op_code":6,"worker_id":"0bacfe67-58b0-4fce-b189-24c703821f7a-8443243584","trial_id":29,"state":2,"values":null,"datetime_complete":"2026-08-07T10:29:35.986129"}
{"op_code":4,"worker_id":"0bacfe67-58b0-4fce-b189-24c703821f7a-8443243584","study_id":4,"datetime_start":"2026-08-07T10:29:35.986842"}
{"op_code":5,"worker_id":"0bacfe67-58b0-4fce-b189-24c703821f7a-8443243584","trial_id":30,"param_name":"solver","param_value_internal":0,"distribution":"{\"name\": \"CategoricalDistribution\", \"attributes\": {\"choices\": [\"UPSolver\"]}}"}
{"op_code":5,"worker_id":"0bacfe67-58b0-4fce-b189-24c703821f7a-8443243584","trial_id":30,"param_name":"UPSolver.name","param_value_internal":4,"distribution":"{\"name\": \"CategoricalDistribution\", \"attributes\": {\"choices\": [\"fast-downward\", \"fast-downward-opt\", \"pyperplan\", \"pyperplan-opt\", \"enhsp\", \"enhsp-opt\", \"enhsp-any\"]}}"}
{"op_code":8,"worker_id":"0bacfe67-58b0-4fce-b189-24c703821f7a-8443243584","trial_id":30,"user_attr":{"Error":"<class 'AttributeError'>: 'NoneType' object has no attribute 'actions'"}}
{"op_code":6,"worker_id":"0bacfe67-58b0-4fce-b189-24c703821f7a-8443243584","trial_id":30,"state":2,"values":null,"datetime_complete":"2026-08-07T10:29:36.058968"}
{"op_code":4,"worker_id":"0bacfe67-58b0-4fce-b189-24c703821f7a-8443243584","study_id":4,"datetime_start":"2026-08-07T10:29:36.059758"}
{"op_code":5,"worker_id":"0bacfe67-58b0-4fce-b189-24c703821f7a-8443243584","trial_id":31,"param_name":"solver","param_value_internal":0,"distribution":"{\"name\": \"CategoricalDistribution\", \"attributes\": {\"choices\": [\"UPSolver\"]}}"}
{"op_code":5,"worker_id":"0bacfe67-58b0-4fce-b189-24c703821f7a-8443243584","trial_id":31,"param_name":"UPSolver.name","param_value_internal":1,"distribution":"{\"name\": \"CategoricalDistribution\", \"attributes\": {\"choices\": [\"fast-downward\", \"fast-downward-opt\", \"pyperplan\", \"pyperplan-opt\", \"enhsp\", \"enhsp-opt\", \"enhsp-any\"]}}"}
{"op_code":6,"worker_id":"0bacfe67-58b0-4fce-b189-24c703821f7a-8443243584","trial_id":31,"state":1,"values":[30.0],"datetime_complete":"2026-08-07T10:29:36.258026"}
{"op_code":4,"worker_id":"0bacfe67-58b0-4fce-b189-24c703821f7a-8443243584","study_id":4,"datetime_start":"2026-08-07T10:29:36.258976"}
{"op_code":5,"worker_id":"0bacfe67-58b0-4fce-b189-24c703821f7a-8443243584","trial_id":32,"param_name":"solver","param_value_internal":0,"distribution":"{\"name\": \"CategoricalDistribution\", \"attributes\": {\"choices\": [\"UPSolver\"]}}"}
{"op_code":5,"worker_id":"0bacfe67-58b0-4fce-b189-24c703821f7a-8443243584","trial_id":32,"param_name":"UPSolver.name","param_value_internal":3,"distribution":"{\"name\": \"CategoricalDistribution\", \"attributes\": {\"choices\": [\"fast-downward\", \"fast-downward-opt\", \"pyperplan\", \"pyperplan-opt\", \"enhsp\", \"enhsp-opt\", \"enhsp-any\"]}}"}
{"op_code":6,"worker_id":"0bacfe67-58b0-4fce-b189-24c703821f7a-8443243584","trial_id":32,"state":1,"values":[30.0],"datetime_complete":"2026-08-07T10:29:36.309559"}
{"op_code":1,"worker_id":"4cf3eb4c-e1c0-4e7e-b88f-70ca452fef44-8443243584","study_id":4}
{"op_code":0,"worker_id":"4cf3eb4c-e1c0-4e7e-b88f-70ca452fef44-8443243584","study_name":"study","directions":[2]}
{"op_code":4,"worker_id":"4cf3eb4c-e1c0-4e7e-b88f-70ca452fef44-8443243584","study_id":5,"datetime_start":"2026-08-07T22:33:32.368304"}
{"op_code":5,"worker_id":"4cf3eb4c-e1c0-4e7e-b88f-70ca452fef44-8443243584","trial_id":33,"param_name":"solver","param_value_internal":0,"distribution":"{\"name\": \"CategoricalDistribution\", \"attributes\": {\"choices\": [\"UPSolver\"]}}"}
{"op_code":5,"worker_id":"4cf3eb4c-e1c0-4e7e-b88f-70ca452fef44-8443243584","trial_id":33,"param_name":"UPSolver.name","param_value_internal":3,"distribution":"{\"name\": \"CategoricalDistribution\", \"attributes\": {\"choices\": [\"fast-downward\", \"fast-downward-opt\", \"pyperplan\", \"pyperplan-opt\", \"enhsp\", \"enhsp-opt\", \"enhsp-any\"]}}"}
{"op_code":6,"worker_id":"4cf3eb4c-e1c0-4e7e-b88f-70ca452fef44-8443243584","trial_id":33,"state":1,"values":[30.0],"datetime_complete":"2026-08-07T22:33:32.418989"}
{"op_code":4,"worker_id":"4cf3eb4c-e1c0-4e7e-b88f-70ca452fef44-8443243584","study_id":5,"datetime_start":"2026-08-07T22:33:32.419747"}
{"op_code":5,"worker_id":"4cf3eb4c-e1c0-4e7e-b88f-70ca452fef44-8443243584","trial_id":34,"param_name":"solver","param_value_internal":0,"distribution":"{\"name\": \"CategoricalDistribution\", \"attributes\": {\"choices\": [\"UPSolver\"]}}"}
{"op_code":5,"worker_id":"4cf3eb4c-e1c0-4e7e-b88f-70ca452fef44-8443243584","trial_id":34,"param_name":"UPSolver.name","param_value_internal":0,"distribution":"{\"name\": \"CategoricalDistribution\", \"attributes\": {\"choices\": [\"fast-downward\", \"fast-downward-opt\", \"pyperplan\", \"pyperplan-opt\", \"enhsp\", \"enhsp-opt\", \"enhsp-any\"]}}"}
{"op_code":6,"worker_id":"4cf3eb4c-e1c0-4e7e-b88f-70ca452fef44-8443243584","trial_id":34,"state":1,"values":[30.0],"datetime_complete":"2026-08-07T22:33:32.609886"}
{"op_code":4,"worker_id":"4cf3eb4c-e1c0-4e7e-b88f-70ca452fef44-8443243584","study_id":5,"datetime_start":"2026-08-07T22:33:32.610761"}
{"op_code":5,"worker_id":"4cf3eb4c-e1c0-4e7e-b88f-70ca452fef44-8443243584","trial_id":35,"param_name":"solver","param_value_internal":0,"distribution":"{\"name\": \"CategoricalDistribution\", \"attributes\": {\"choices\": [\"UPSolver\"]}}"}
{"op_code":5,"worker_id":"4cf3eb4c-e1c0-4e7e-b88f-70ca452fef44-8443243584","trial_id":35,"param_name":"UPSolver.name","param_value_internal":5,"distribution":"{\"name\": \"CategoricalDistribution\", \"attributes\": {\"choices\": [\"fast-downward\", \"fast-downward-opt\", \"pyperplan\", \"pyperplan-opt\", \"enhsp\", \"enhsp-opt\", \"enhsp-any\"]}}"}
{"op_code":8,"worker_id":"4cf3eb4c-e1c0-4e7e-b88f-70ca452fef44-8443243584","trial_id":35,"user_attr":{"Error":"<class 'AttributeError'>: 'NoneType' object has no attribute 'actions'"}}
{"op_code":6,"worker_id":"4cf3eb4c-e1c0-4e7e-b88f-70ca452fef44-8443243584","trial_id":35,"state":2,"values":null,"datetime_complete":"2026-08-07T22:33:32.703298"}
{"op_code":4,"worker_id":"4cf3eb4c-e1c0-4e7e-b88f-70ca452fef44-8443243584","study_id":5,"datetime_start":"2026-08-07T22:33:32.703958"}
{"op_code":5,"worker_id":"4cf3eb4c-e1c0-4e7e-b88f-70ca452fef44-8443243584","trial_id":36,"param_name":"solver","param_value_internal":0,"distribution":"{\"name\": \"CategoricalDistribution\", \"attributes\": {\"choices\": [\"UPSolver\"]}}"}
{"op_code":5,"worker_id":"4cf3eb4c-e1c0-4e7e-b88f-70ca452fef44-8443243584","trial_id":36,"param_name":"UPSolver.name","param_value_internal":2,"distribution":"{\"name\": \"CategoricalDistribution\", \"attributes\": {\"choices\": [\"fast-downward\", \"fast-downward-opt\", \"pyperplan\", \"pyperplan-opt\", \"enhsp\", \"enhsp-opt\", \"enhsp-any\"]}}"}
{"op_code":6,"worker_id":"4cf3eb4c-e1c0-4e7e-b88f-70ca452fef44-8443243584","trial_id":36,"state":1,"values":[30.0],"datetime_complete":"2026-08-07T22:33:32.748190"}
{"op_code":4,"worker_id":"4cf3eb4c-e1c0-4e7e-b88f-70ca452fef44-8443243584","study_id":5,"datetime_start":"2026-08-07T22:33:32.748819"}
{"op_code":5,"worker_id":"4cf3eb4c-e1c0-4e7e-b88f-70ca452fef44-8443243584","trial_id":37,"param_name":"solver","param_value_internal":0,"distribution":"{\"name\": \"CategoricalDistribution\", \"attributes\": {\"choices\": [\"UPSolver\"]}}"}
{"op_code":5,"worker_id":"4cf3eb4c-e1c0-4e7e-b88f-70ca452fef44-8443243584","trial_id":37,"param_name":"UPSolver.name","param_value_internal":4,"distribution":"{\"name\": \"CategoricalDistribution\", \"attributes\": {\"choices\": [\"fast-downward\", \"fast-downward-opt\", \"pyperplan\", \"pyperplan-opt\", \"enhsp\", \"enhsp-opt\", \"enhsp-any\"]}}"}
{"op_code":8,"worker_id":"4cf3eb4c-e1c0-4e7e-b88f-70ca452fef44-8443243584","trial_id":37,"user_attr":{"Error":"<class 'AttributeError'>: 'NoneType' object has no attribute 'actions'"}}
{"op_code":6,"worker_id":"4cf3eb4c-e1c0-4e7e-b88f-70ca452fef44-8443243584","trial_id":37,"state":2,"values":null,"datetime_complete":"2026-08-07T22:33:32.808428"}
{"op_code":4,"worker_id":"4cf3eb4c-e1c0-4e7e-b88f-70ca452fef44-8443243584","study_id":5,"datetime_start":"2026-08-07T22:33:32.809084"}
{"op_code":5,"worker_id":"4cf3eb4c-e1c0-4e7e-b88f-70ca452fef44-8443243584","trial_id":38,"param_name":"solver","param_value_internal":0,"distribution":"{\"name\": \"CategoricalDistribution\", \"attributes\": {\"choices\": [\"UPSolver\"]}}"}
{"op_code":5,"worker_id":"4cf3eb4c-e1c0-4e7e-b88f-70ca452fef44-8443243584","trial_id":38,"param_name":"UPSolver.name","param_value_internal":1,"distribution":"{\"name\": \"CategoricalDistribution\", \"attributes\": {\"choices\": [\"fast-downward\", \"fast-downward-opt\", \"pyperplan\", \"pyperplan-opt\", \"enhsp\", \"enhsp-opt\", \"enhsp-any\"]}}"}
{"op_code":6,"worker_id":"4cf3eb4c-e1c0-4e7e-b88f-70ca452fef44-8443243584","trial_id":38,"state":1,"values":[30.0],"datetime_complete":"2026-08-07T22:33:33.018388"}
{"op_code":4,"worker_id":"4cf3eb4c-e1c0-4e7e-b88f-70ca452fef44-8443243584","study_id":5,"datetime_start":"2026-08-07T22:33:33.019260"}
{"op_code":5,"worker_id":"4cf3eb4c-e1c0-4e7e-b88f-70ca452fef44-8443243584","trial_id":39,"param_name":"solver","param_value_internal":0,"distribution":"{\"name\": \"CategoricalDistribution\", \"attributes\": {\"choices\": [\"UPSolver\"]}}"}
{"op_code":5,"worker_id":"4cf3eb4c-e1c0-4e7e-b88f-70ca452fef44-8443243584","trial_id":39,"param_name":"UPSolver.name","param_value_internal":6,"distribution":"{\"name\": \"CategoricalDistribution\", \"attributes\": {\"choices\": [\"fast-downward\", \"fast-downward-opt\", \"pyperplan\", \"pyperplan-opt\", \"enhsp\", \"enhsp-opt\", \"enhsp-any\"]}}"}
{"op_code":8,"worker_id":"4cf3eb4c-e1c0-4e7e-b88f-70ca452fef44-8443243584","trial_id":39,"user_attr":{"Error":"<class 'AttributeError'>: 'NoneType' object has no attribute 'actions'"}}
{"op_code":6,"worker_id":"4cf3eb4c-e1c0-4e7e-b88f-70ca452fef44-8443243584","trial_id":39,"state":2,"values":null,"datetime_complete":"2026-08-07T22:33:33.088726"}
{"op_code":1,"worker_id":"9f70f859-5a52-4573-9e40-84220b306605-8443243584","study_id":5}
{"op_code":0,"worker_id":"9f70f859-5a52-4573-9e40-84220b306605-8443243584","study_name":"study","directions":[2]}
{"op_code":4,"worker_id":"9f70f859-5a52-4573-9e40-84220b306605-8443243584","study_id":6,"datetime_start":"2026-08-08T13:43:42.644466"}
{"op_code":5,"worker_id":"9f70f859-5a52-4573-9e40-84220b306605-8443243584","trial_id":40,"param_name":"solver","param_value_internal":0,"distribution":"{\"name\": \"CategoricalDistribution\", \"attributes\": {\"choices\": [\"UPSolver\"]}}"}
{"op_code":5,"worker_id":"9f70f859-5a52-4573-9e40-84220b306605-8443243584","trial_id":40,"param_name":"UPSolver.name","param_value_internal":4,"distribution":"{\"name\": \"CategoricalDistribution\", \"attributes\": {\"choices\": [\"fast-downward\", \"fast-downward-opt\", \"pyperplan\", \"pyperplan-opt\", \"enhsp\", \"enhsp-opt\", \"enhsp-any\"]}}"}
{"op_code":8,"worker_id":"9f70f859-5a52-4573-9e40-84220b306605-8443243584","trial_id":40,"user_attr":{"Error":"<class 'AttributeError'>: 'NoneType' object has no attribute 'actions'"}}
{"op_code":6,"worker_id":"9f70f859-5a52-4573-9e40-84220b306605-8443243584","trial_id":40,"state":2,"values":null,"datetime_complete":"2026-08-08T13:43:42.730043"}
{"op_code":4,"worker_id":"9f70f859-5a52-4573-9e40-84220b306605-8443243584","study_id":6,"datetime_start":"2026-08-08T13:43:42.730924"}
{"op_code":5,"worker_id":"9f70f859-5a52-4573-9e40-84220b306605-8443243584","trial_id":41,"param_name":"solver","param_value_internal":0,"distribution":"{\"name\": \"CategoricalDistribution\", \"attributes\": {\"choices\": [\"UPSolver\"]}}"}
{"op_code":5,"worker_id":"9f70f859-5a52-4573-9e40-84220b306605-8443243584","trial_id":41,"param_name":"UPSolver.name","param_value_internal":3,"distribution":"{\"name\": \"CategoricalDistribution\", \"attributes\": {\"choices\": [\"fast-downward\", \"fast-downward-opt\", \"pyperplan\", \"pyperplan-opt\", \"enhsp\", \"enhsp-opt\", \"enhsp-any\"]}}"}
{"op_code":6,"worker_id":"9f70f859-5a52-4573-9e40-84220b306605-8443243584","trial_id":41,"state":1,"values":[30.0],"datetime_complete":"2026-08-08T13:43:42.787882"}
{"op_code":4,"worker_id":"9f70f859-5a52-4573-9e40-84220b306605-8443243584","study_id":6,"datetime_start":"2026-08-08T13:43:42.788734"}
{"op_code":5,"worker_id":"9f70f859-5a52-4573-9e40-84220b306605-8443243584","trial_id":42,"param_name":"solver","param_value_internal":0,"distribution":"{\"name\": \"CategoricalDistribution\", \"attributes\": {\"choices\": [\"UPSolver\"]}}"}
{"op_code":5,"worker_id":"9f70f859-5a52-4573-9e40-84220b306605-8443243584","trial_id":42,"param_name":"UPSolver.name","param_value_internal":5,"distribution":"{\"name\": \"CategoricalDistribution\", \"attributes\": {\"choices\": [\"fast-downward\", \"fast-downward-opt\", \"pyperplan\", \"pyperplan-opt\", \"enhsp\", \"enhsp-opt\", \"enhsp-any\"]}}"}
{"op_code":8,"worker_id":"9f70f859-5a52-4573-9e40-84220b306605-8443243584","trial_id":42,"user_attr":{"Error":"<class 'AttributeError'>: 'NoneType' object has no attribute 'actions'"}}
{"op_code":6,"worker_id":"9f70f859-5a52-4573-9e40-84220b306605-8443243584","trial_id":42,"state":2,"values":null,"datetime_complete":"2026-08-08T13:43:42.858236"}
{"op_code":4,"worker_id":"9f70f859-5a52-4573-9e40-84220b306605-8443243584","study_id":6,"datetime_start":"2026-08-08T13:43:42.859057"}
{"op_code":5,"worker_id":"9f70f859-5a52-4573-9e40-84220b306605-8443243584","trial_id":43,"param_name":"solver","param_value_internal":0,"distribution":"{\"name\": \"CategoricalDistribution\", \"attributes\": {\"choices\": [\"UPSolver\"]}}"}
{"op_code":5,"worker_id":"9f70f859-5a52-4573-9e40-84220b306605-8443243584","trial_id":43,"param_name":"UPSolver.name","param_value_internal":1,"distribution":"{\"name\": \"CategoricalDistribution\", \"attributes\": {\"choices\": [\"fast-downward\", \"fast-downward-opt\", \"pyperplan\", \"pyperplan-opt\", \"enhsp\", \"enhsp-opt\", \"enhsp-any\"]}}"}
{"op_code":6,"worker_id":"9f70f859-5a52-4573-9e40-84220b306605-8443243584","trial_id":43,"state":1,"values":[30.0],"datetime_complete":"2026-08-08T13:43:43.072615"}
{"op_code":4,"worker_id":"9f70f859-5a52-4573-9e40-84220b306605-8443243584","study_id":6,"datetime_start":"2026-08-08T13:43:43.073763"}
{"op_code":5,"worker_id":"9f70f859-5a52-4573-9e40-84220b306605-8443243584","trial_id":44,"param_name":"solver","param_value_internal":0,"distribution":"{\"name\": \"CategoricalDistribution\", \"attributes\": {\"choices\": [\"UPSolver\"]}}"}
{"op_code":5,"worker_id":"9f70f859-5a52-4573-9e40-84220b306605-8443243584","trial_id":44,"param_name":"UPSolver.name","param_value_internal":2,"distribution":"{\"name\": \"CategoricalDistribution\", \"attributes\": {\"choices\": [\"fast-downward\", \"fast-downward-opt\", \"pyperplan\", \"pyperplan-opt\", \"enhsp\", \"enhsp-opt\", \"enhsp-any\"]}}"}
{"op_code":6,"worker_id":"9f70f859-5a52-4573-9e40-84220b306605-8443243584","trial_id":44,"state":1,"values":[30.0],"datetime_complete":"2026-08-08T13:43:43.123550"}
{"op_code":4,"worker_id":"9f70f859-5a52-4573-9e40-84220b306605-8443243584","study_id":6,"datetime_start":"2026-08-08T13:43:43.124452"}
{"op_code":5,"worker_id":"9f70f859-5a52-4573-9e40-84220b306605-8443243584","trial_id":45,"param_name":"solver","param_value_internal":0,"distribution":"{\"name\": \"CategoricalDistribution\", \"attributes\": {\"choices\": [\"UPSolver\"]}}"}
{"op_code":5,"worker_id":"9f70f859-5a52-4573-9e40-84220b306605-8443243584","trial_id":45,"param_name":"UPSolver.name","param_value_internal":0,"distribution":"{\"name\": \"CategoricalDistribution\", \"attributes\": {\"choices\": [\"fast-downward\", \"fast-downward-opt\", \"pyperplan\", \"pyperplan-opt\", \"enhsp\", \"enhsp-opt\", \"enhsp-any\"]}}"}
{"op_code":6,"worker_id":"9f70f859-5a52-4573-9e40-84220b306605-8443243584","trial_id":45,"state":1,"values":[30.0],"datetime_complete":"2026-08-08T13:43:43.324808"}
{"op_code":4,"worker_id":"9f70f859-5a52-4573-9e40-84220b306605-8443243584","study_id":6,"datetime_start":"2026-08-08T13:43:43.325829"}
{"op_code":5,"worker_id":"9f70f859-5a52-4573-9e40-84220b306605-8443243584","trial_id":46,"param_name":"solver","param_value_internal":0,"distribution":"{\"name\": \"CategoricalDistribution\", \"attributes\": {\"choices\": [\"UPSolver\"]}}"}
{"op_code":5,"worker_id":"9f70f859-5a52-4573-9e40-84220b306605-8443243584","trial_id":46,"param_name":"UPSolver.name","param_value_internal":6,"distribution":"{\"name\": \"CategoricalDistribution\", \"attributes\": {\"choices\": [\"fast-downward\", \"fast-downward-opt\", \"pyperplan\", \"pyperplan-opt\", \"enhsp\", \"enhsp-opt\", \"enhsp-any\"]}}"}
{"op_code":8,"worker_id":"9f70f859-5a52-4573-9e40-84220b306605-8443243584","trial_id":46,"user_attr":{"Error":"<class 'AttributeError'>: 'NoneType' object has no attribute 'actions'"}}
{"op_code":6,"worker_id":"9f70f859-5a52-4573-9e40-84220b306605-8443243584","trial_id":46,"state":2,"values":null,"datetime_complete":"2026-08-08T13:43:43.406870"}
